This is pdfTeX, Version 3.141592653-2.6-1.40.28 (MiKTeX 25.12) (preloaded format=pdflatex.fmt)
 restricted \write18 enabled.
entering extended mode
(IEEE_Report.tex
LaTeX2e <2025-11-01>
L3 programming layer <2025-12-24>
(ieeeaccess.cls
(C:\Users\Anjney Shah\AppData\Local\Programs\MiKTeX\tex/latex/ieeetran\IEEEtran
.cls
Document Class: IEEEtran 2015/08/26 V1.8b by Michael Shell
-- See the "IEEEtran_HOWTO" manual for usage information.
-- http://www.michaelshell.org/tex/ieeetran/
(C:\Users\Anjney Shah\AppData\Local\Programs\MiKTeX\tex/latex/psnfss\ot1ptm.fd)

-- Using 8.5in x 11in (letter) paper.
-- Using PDF output.
-- This is a 10 point document.
)
(C:\Users\Anjney Shah\AppData\Local\Programs\MiKTeX\tex/generic/iftex\ifpdf.sty

(C:\Users\Anjney Shah\AppData\Local\Programs\MiKTeX\tex/generic/iftex\iftex.sty
))
(C:\Users\Anjney Shah\AppData\Local\Programs\MiKTeX\tex/latex/xkeyval\xkeyval.s
ty
(C:\Users\Anjney Shah\AppData\Local\Programs\MiKTeX\tex/generic/xkeyval\xkeyval
.tex
(C:\Users\Anjney Shah\AppData\Local\Programs\MiKTeX\tex/generic/xkeyval\xkvutil
s.tex
(C:\Users\Anjney Shah\AppData\Local\Programs\MiKTeX\tex/generic/xkeyval\keyval.
tex)))){C:/Users/Anjney Shah/AppData/Local/MiKTeX/fonts/map/pdftex/pdftex.map}

pdfTeX warning: pdflatex.exe (file t1-times.map): cannot open font map file


pdfTeX warning: pdflatex.exe (file t1-formata.map): cannot open font map file


pdfTeX warning: pdflatex.exe (file t1-giovannistd.map): cannot open font map fi
le

(C:\Users\Anjney Shah\AppData\Local\Programs\MiKTeX\tex/latex/graphics\color.st
y
(C:\Users\Anjney Shah\AppData\Local\Programs\MiKTeX\tex/latex/graphics-cfg\colo
r.cfg)
(C:\Users\Anjney Shah\AppData\Local\Programs\MiKTeX\tex/latex/graphics-def\pdft
ex.def)
(C:\Users\Anjney Shah\AppData\Local\Programs\MiKTeX\tex/latex/graphics\mathcolo
r.ltx))
(C:\Users\Anjney Shah\AppData\Local\Programs\MiKTeX\tex/latex/spotcolor\spotcol
or.sty
(C:\Users\Anjney Shah\AppData\Local\Programs\MiKTeX\tex/latex/graphics\graphics
.sty
(C:\Users\Anjney Shah\AppData\Local\Programs\MiKTeX\tex/latex/graphics\trig.sty
)
(C:\Users\Anjney Shah\AppData\Local\Programs\MiKTeX\tex/latex/graphics-cfg\grap
hics.cfg))))
(C:\Users\Anjney Shah\AppData\Local\Programs\MiKTeX\tex/latex/cite\cite.sty)
(C:\Users\Anjney Shah\AppData\Local\Programs\MiKTeX\tex/latex/amsmath\amsmath.s
ty
For additional information on amsmath, use the `?' option.

(C:\Users\Anjney Shah\AppData\Local\Programs\MiKTeX\tex/latex/amsmath\amstext.s
ty
(C:\Users\Anjney Shah\AppData\Local\Programs\MiKTeX\tex/latex/amsmath\amsgen.st
y))
(C:\Users\Anjney Shah\AppData\Local\Programs\MiKTeX\tex/latex/amsmath\amsbsy.st
y)
(C:\Users\Anjney Shah\AppData\Local\Programs\MiKTeX\tex/latex/amsmath\amsopn.st
y))
(C:\Users\Anjney Shah\AppData\Local\Programs\MiKTeX\tex/latex/amsfonts\amssymb.
sty
(C:\Users\Anjney Shah\AppData\Local\Programs\MiKTeX\tex/latex/amsfonts\amsfonts
.sty))
(C:\Users\Anjney Shah\AppData\Local\Programs\MiKTeX\tex/latex/algorithms\algori
thm.sty
(C:\Users\Anjney Shah\AppData\Local\Programs\MiKTeX\tex/latex/float\float.sty)
(C:\Users\Anjney Shah\AppData\Local\Programs\MiKTeX\tex/latex/base\ifthen.sty))

(C:\Users\Anjney Shah\AppData\Local\Programs\MiKTeX\tex/latex/algorithms\algori
thmic.sty)
(C:\Users\Anjney Shah\AppData\Local\Programs\MiKTeX\tex/latex/graphics\graphicx
.sty)
(C:\Users\Anjney Shah\AppData\Local\Programs\MiKTeX\tex/latex/base\textcomp.sty
)
(C:\Users\Anjney Shah\AppData\Local\Programs\MiKTeX\tex/latex/xcolor\xcolor.sty

(C:\Users\Anjney Shah\AppData\Local\Programs\MiKTeX\tex/latex/graphics-cfg\colo
r.cfg)
(C:\Users\Anjney Shah\AppData\Local\Programs\MiKTeX\tex/latex/graphics\mathcolo
r.ltx))
(C:\Users\Anjney Shah\AppData\Local\Programs\MiKTeX\tex/latex/hyperref\hyperref
.sty
(C:\Users\Anjney Shah\AppData\Local\Programs\MiKTeX\tex/latex/kvsetkeys\kvsetke
ys.sty)
(C:\Users\Anjney Shah\AppData\Local\Programs\MiKTeX\tex/generic/kvdefinekeys\kv
definekeys.sty)
(C:\Users\Anjney Shah\AppData\Local\Programs\MiKTeX\tex/generic/pdfescape\pdfes
cape.sty
(C:\Users\Anjney Shah\AppData\Local\Programs\MiKTeX\tex/generic/ltxcmds\ltxcmds
.sty)
(C:\Users\Anjney Shah\AppData\Local\Programs\MiKTeX\tex/generic/pdftexcmds\pdft
excmds.sty
(C:\Users\Anjney Shah\AppData\Local\Programs\MiKTeX\tex/generic/infwarerr\infwa
rerr.sty)))
(C:\Users\Anjney Shah\AppData\Local\Programs\MiKTeX\tex/latex/hycolor\hycolor.s
ty)
(C:\Users\Anjney Shah\AppData\Local\Programs\MiKTeX\tex/latex/hyperref\nameref.
sty
(C:\Users\Anjney Shah\AppData\Local\Programs\MiKTeX\tex/latex/refcount\refcount
.sty)
(C:\Users\Anjney Shah\AppData\Local\Programs\MiKTeX\tex/generic/gettitlestring\
gettitlestring.sty
(C:\Users\Anjney Shah\AppData\Local\Programs\MiKTeX\tex/latex/kvoptions\kvoptio
ns.sty)))
(C:\Users\Anjney Shah\AppData\Local\Programs\MiKTeX\tex/latex/etoolbox\etoolbox
.sty)
(C:\Users\Anjney Shah\AppData\Local\Programs\MiKTeX\tex/generic/stringenc\strin
genc.sty)
(C:\Users\Anjney Shah\AppData\Local\Programs\MiKTeX\tex/latex/hyperref\pd1enc.d
ef)
(C:\Users\Anjney Shah\AppData\Local\Programs\MiKTeX\tex/generic/intcalc\intcalc
.sty)
(C:\Users\Anjney Shah\AppData\Local\Programs\MiKTeX\tex/latex/hyperref\puenc.de
f) (C:\Users\Anjney Shah\AppData\Local\Programs\MiKTeX\tex/latex/url\url.sty)
(C:\Users\Anjney Shah\AppData\Local\Programs\MiKTeX\tex/generic/bitset\bitset.s
ty
(C:\Users\Anjney Shah\AppData\Local\Programs\MiKTeX\tex/generic/bigintcalc\bigi
ntcalc.sty)))
(C:\Users\Anjney Shah\AppData\Local\Programs\MiKTeX\tex/latex/hyperref\hpdftex.
def
(C:\Users\Anjney Shah\AppData\Local\Programs\MiKTeX\tex/latex/rerunfilecheck\re
runfilecheck.sty
(C:\Users\Anjney Shah\AppData\Local\Programs\MiKTeX\tex/generic/uniquecounter\u
niquecounter.sty)))
(C:\Users\Anjney Shah\AppData\Local\Programs\MiKTeX\tex/latex/booktabs\booktabs
.sty)
(C:\Users\Anjney Shah\AppData\Local\Programs\MiKTeX\tex/latex/multirow\multirow
.sty)
(C:\Users\Anjney Shah\AppData\Local\Programs\MiKTeX\tex/latex/tools\array.sty)
(C:\Users\Anjney Shah\AppData\Local\Programs\MiKTeX\tex/latex/preprint\balance.
sty)
(C:\Users\Anjney Shah\AppData\Local\Programs\MiKTeX\tex/latex/l3backend\l3backe
nd-pdftex.def) (IEEE_Report.aux)
-- Lines per column: 56 (exact).
(C:\Users\Anjney Shah\AppData\Local\Programs\MiKTeX\tex/latex/psnfss\t1ptm.fd)

LaTeX Font Warning: Font shape `T1/ptm/n/n' undefined
(Font)              using `T1/ptm/m/n' instead on input line 22.


(C:\Users\Anjney Shah\AppData\Local\Programs\MiKTeX\tex/context/base/mkii\supp-
pdf.mkii
[Loading MPS to PDF converter (version 2006.09.02).]
)
(C:\Users\Anjney Shah\AppData\Local\Programs\MiKTeX\tex/latex/epstopdf-pkg\epst
opdf-base.sty
(C:\Users\Anjney Shah\AppData\Local\Programs\MiKTeX\tex/latex/00miktex\epstopdf
-sys.cfg)) (IEEE_Report.out) (IEEE_Report.out)

Package xcolor Warning: Incompatible color definition on input line 47.

(C:\Users\Anjney Shah\AppData\Local\Programs\MiKTeX\tex/latex/psnfss\t1phv.fd)

LaTeX Font Warning: Font shape `T1/phv/n/n' undefined
(Font)              using `T1/phv/m/n' instead on input line 47.


Package xcolor Warning: Incompatible color definition on input line 51.


Package xcolor Warning: Incompatible color definition on input line 58.

(C:\Users\Anjney Shah\AppData\Local\Programs\MiKTeX\tex/latex/amsfonts\umsa.fd)
(C:\Users\Anjney Shah\AppData\Local\Programs\MiKTeX\tex/latex/amsfonts\umsb.fd)

Overfull \hbox (9.2679pt too wide) in paragraph at lines 58--58
[]  

Overfull \hbox (9.2679pt too wide) in paragraph at lines 58--58
[]  

Package xcolor Warning: Incompatible color definition on input line 62.


Underfull \vbox (badness 10000) has occurred while \output is active
Underfull \vbox (badness 10000) has occurred while \output is active

Package xcolor Warning: Incompatible color definition on input line 67.


Overfull \hbox (505.12177pt too wide) has occurred while \output is active
[]

Overfull \hbox (505.12177pt too wide) has occurred while \output is active
[]

Overfull \hbox (505.12177pt too wide) has occurred while \output is active
[]

Underfull \hbox (badness 10000) has occurred while \output is active
[]
[1{C:/Users/Anjney Shah/AppData/Local/Programs/MiKTeX/fonts/enc/dvips/base/8r.e
nc} <./logo.png> <./bullet.png>]

Package xcolor Warning: Incompatible color definition on input line 78.


Package xcolor Warning: Incompatible color definition on input line 82.


Package xcolor Warning: Incompatible color definition on input line 86.


Overfull \hbox (505.12177pt too wide) has occurred while \output is active
[]

Overfull \hbox (505.12177pt too wide) has occurred while \output is active
[]

Underfull \hbox (badness 10000) has occurred while \output is active
[]
[2 <./notaglinelogo.png>]

Package xcolor Warning: Incompatible color definition on input line 96.


Overfull \hbox (505.12177pt too wide) has occurred while \output is active
[]

Overfull \hbox (505.12177pt too wide) has occurred while \output is active
[]

Underfull \hbox (badness 10000) has occurred while \output is active
[]
[3]

Package xcolor Warning: Incompatible color definition on input line 114.


Overfull \hbox (505.12177pt too wide) has occurred while \output is active
[]

Overfull \hbox (505.12177pt too wide) has occurred while \output is active
[]

Underfull \hbox (badness 10000) has occurred while \output is active
[]
[4]

Package xcolor Warning: Incompatible color definition on input line 120.


Overfull \hbox (505.12177pt too wide) has occurred while \output is active
[]

Overfull \hbox (505.12177pt too wide) has occurred while \output is active
[]

Underfull \hbox (badness 10000) has occurred while \output is active
[]
[5]

Package xcolor Warning: Incompatible color definition on input line 138.


Underfull \hbox (badness 2582) in paragraph at lines 140--141
\T1/ptm/n/n/10 matching frame-works, Kwak and Shin [[]15[]] de-vel-oped

Underfull \hbox (badness 1546) in paragraph at lines 142--143
[]\T1/ptm/n/n/10 S and M [[]16[]] con-ducted a com-pre-hen-sive em-pir-i-cal

Overfull \hbox (505.12177pt too wide) has occurred while \output is active
[]

Overfull \hbox (505.12177pt too wide) has occurred while \output is active
[]

Underfull \hbox (badness 10000) has occurred while \output is active
[]
[6]

Package xcolor Warning: Incompatible color definition on input line 150.


Overfull \hbox (505.12177pt too wide) has occurred while \output is active
[]

Overfull \hbox (505.12177pt too wide) has occurred while \output is active
[]

Underfull \hbox (badness 10000) has occurred while \output is active
[]
[7]

Package xcolor Warning: Incompatible color definition on input line 169.


Overfull \hbox (47.61806pt too wide) in paragraph at lines 171--187
 [] 

Package xcolor Warning: Incompatible color definition on input line 193.


Package xcolor Warning: Incompatible color definition on input line 195.


Package xcolor Warning: Incompatible color definition on input line 198.


Package xcolor Warning: Incompatible color definition on input line 201.


Underfull \vbox (badness 4479) has occurred while \output is active

Package xcolor Warning: Incompatible color definition on input line 214.


Package xcolor Warning: Incompatible color definition on input line 222.


Package xcolor Warning: Incompatible color definition on input line 229.


Package xcolor Warning: Incompatible color definition on input line 232.


Overfull \hbox (505.12177pt too wide) has occurred while \output is active
[]

Overfull \hbox (505.12177pt too wide) has occurred while \output is active
[]

Underfull \hbox (badness 10000) has occurred while \output is active
[]
[8]

Package xcolor Warning: Incompatible color definition on input line 248.


Package xcolor Warning: Incompatible color definition on input line 273.


Package xcolor Warning: Incompatible color definition on input line 288.


Package xcolor Warning: Incompatible color definition on input line 300.


Package xcolor Warning: Incompatible color definition on input line 307.


Underfull \hbox (badness 1622) in paragraph at lines 308--309
\T1/ptm/n/n/10 In au-to-matic mode, the sys-tem cas-cades through three

Underfull \hbox (badness 1389) in paragraph at lines 308--309
\T1/ptm/n/n/10 OpenCV-based de-tec-tors if Patch-Core does not flag an

Package xcolor Warning: Incompatible color definition on input line 310.


Overfull \hbox (505.12177pt too wide) has occurred while \output is active
[]

Overfull \hbox (505.12177pt too wide) has occurred while \output is active
[]

Underfull \hbox (badness 10000) has occurred while \output is active
[]
[9]

Package xcolor Warning: Incompatible color definition on input line 319.


Package xcolor Warning: Incompatible color definition on input line 326.


Package xcolor Warning: Incompatible color definition on input line 329.


Package xcolor Warning: Incompatible color definition on input line 332.


Package xcolor Warning: Incompatible color definition on input line 335.


Package xcolor Warning: Incompatible color definition on input line 338.


Package xcolor Warning: Incompatible color definition on input line 341.


Package xcolor Warning: Incompatible color definition on input line 344.


Package xcolor Warning: Incompatible color definition on input line 349.


Package xcolor Warning: Incompatible color definition on input line 352.


Package xcolor Warning: Incompatible color definition on input line 362.


Package xcolor Warning: Incompatible color definition on input line 367.


Package xcolor Warning: Incompatible color definition on input line 377.


Package xcolor Warning: Incompatible color definition on input line 391.


Package xcolor Warning: Incompatible color definition on input line 393.


Package xcolor Warning: Incompatible color definition on input line 407.


Package xcolor Warning: Incompatible color definition on input line 411.

(C:\Users\Anjney Shah\AppData\Local\Programs\MiKTeX\tex/latex/psnfss\t1pcr.fd)
Overfull \hbox (1.93225pt too wide) in paragraph at lines 417--417
[]|\T1/pcr/m/n/8 dynamic_patchcore| 

Overfull \hbox (1.93225pt too wide) in paragraph at lines 419--419
[]|\T1/pcr/m/n/8 prediction_engine| 

Overfull \hbox (16.33226pt too wide) in paragraph at lines 421--421
[]|\T1/pcr/m/n/8 heuristic_classifier| 

Overfull \hbox (4.45801pt too wide) in paragraph at lines 413--441
 [] 

Overfull \hbox (505.12177pt too wide) has occurred while \output is active
[]

Overfull \hbox (505.12177pt too wide) has occurred while \output is active
[]

Underfull \hbox (badness 10000) has occurred while \output is active
[]
[10]

Package xcolor Warning: Incompatible color definition on input line 444.


Underfull \hbox (badness 2653) in paragraph at lines 447--448
\T1/ptm/n/n/10 der.com and the fron-tend is de-ployed on Ver-cel.

LaTeX Font Warning: Font shape `T1/pcr/n/n' undefined
(Font)              using `T1/pcr/m/n' instead on input line 448.


Underfull \hbox (badness 5446) in paragraph at lines 448--449
[]\T1/ptm/b/n/10 Local De-ploy-ment\T1/ptm/n/n/10 : A com-bined launcher script


Package xcolor Warning: Incompatible color definition on input line 451.


Underfull \hbox (badness 4543) in paragraph at lines 452--453
\T1/ptm/n/n/10 consumer pat-tern. When the mo-bile browser streams

Package xcolor Warning: Incompatible color definition on input line 454.


Underfull \hbox (badness 2809) in paragraph at lines 455--456
\T1/ptm/n/n/10 that han-dles hard-ware dis-cov-ery dy-nam-i-cally. On ma-

Package xcolor Warning: Incompatible color definition on input line 457.


Underfull \hbox (badness 10000) in paragraph at lines 461--462
\T1/ptm/n/n/10 de-tec-tion (\T1/pcr/n/n/10 patchcore\T1/ptm/n/n/10 , \T1/pcr/n/
n/10 opencv_structural\T1/ptm/n/n/10 ,

Overfull \hbox (6.28372pt too wide) in paragraph at lines 461--462
\T1/pcr/n/n/10 opencv_color\T1/ptm/n/n/10 , \T1/pcr/n/n/10 opencv_pattern\T1/pt
m/n/n/10 , or \T1/pcr/n/n/10 temporal\T1/ptm/n/n/10 ). 

Package xcolor Warning: Incompatible color definition on input line 469.


Package xcolor Warning: Incompatible color definition on input line 471.


Package xcolor Warning: Incompatible color definition on input line 481.


Package xcolor Warning: Incompatible color definition on input line 489.


Package xcolor Warning: Incompatible color definition on input line 493.


Overfull \hbox (101.2605pt too wide) in paragraph at lines 495--506
 [] 

Package xcolor Warning: Incompatible color definition on input line 510.


Overfull \hbox (505.12177pt too wide) has occurred while \output is active
[]

Overfull \hbox (505.12177pt too wide) has occurred while \output is active
[]

Underfull \hbox (badness 10000) has occurred while \output is active
[]
[11]

Package xcolor Warning: Incompatible color definition on input line 530.


Package xcolor Warning: Incompatible color definition on input line 534.


Package xcolor Warning: Incompatible color definition on input line 552.


Package xcolor Warning: Incompatible color definition on input line 557.


Package xcolor Warning: Incompatible color definition on input line 567.


Package xcolor Warning: Incompatible color definition on input line 570.


Package xcolor Warning: Incompatible color definition on input line 574.


Overfull \hbox (8.13203pt too wide) in paragraph at lines 576--591
 [] 

Package xcolor Warning: Incompatible color definition on input line 604.


Package xcolor Warning: Incompatible color definition on input line 606.


Overfull \hbox (505.12177pt too wide) has occurred while \output is active
[]

Overfull \hbox (505.12177pt too wide) has occurred while \output is active
[]

Underfull \hbox (badness 10000) has occurred while \output is active
[]
[12]

Package xcolor Warning: Incompatible color definition on input line 617.


Package xcolor Warning: Incompatible color definition on input line 632.


Package xcolor Warning: Incompatible color definition on input line 649.


Package xcolor Warning: Incompatible color definition on input line 651.


Package xcolor Warning: Incompatible color definition on input line 660.


Underfull \hbox (badness 1859) in paragraph at lines 664--665
[]\T1/ptm/b/n/10 Larger Scale Val-i-da-tion\T1/ptm/n/n/10 : Eval-u-a-tion acros
s larger

Package xcolor Warning: Incompatible color definition on input line 672.


Package xcolor Warning: Incompatible color definition on input line 687.


Package xcolor Warning: Incompatible color definition on input line 696.


Underfull \hbox (badness 1715) in paragraph at lines 702--703
[]\T1/ptm/m/n/7.61 R. Patil and S. Patil, ``Op-ti-miz-ing Lightweight Deep Lear
n-ing for

Underfull \hbox (badness 1694) in paragraph at lines 702--703
\T1/ptm/m/n/7.61 Re-al-time Fab-ric De-fect De-tec-tion with Multi-Scale and Sm
all De-

Underfull \hbox (badness 3977) in paragraph at lines 702--703
\T1/ptm/m/it/7.61 ment in Tech-nol-ogy (ICONAT)\T1/ptm/m/n/7.61 , Goa, In-dia, 
2026, pp. 1--5, doi:

Overfull \hbox (505.12177pt too wide) has occurred while \output is active
[]

Overfull \hbox (505.12177pt too wide) has occurred while \output is active
[]

Underfull \hbox (badness 10000) has occurred while \output is active
[]
[13]
Underfull \hbox (badness 10000) in paragraph at lines 726--727
[]\T1/ptm/m/n/7.61 H. Kwak and J. Shin, ``PatchCore-Q: Ro-bust On-Device

Underfull \hbox (badness 7064) in paragraph at lines 726--727
\T1/ptm/m/n/7.61 Anomaly De-tec-tion via Quan-tized Fea-ture Com-pen-sa-tion,''
 \T1/ptm/m/it/7.61 2026

Underfull \hbox (badness 1708) in paragraph at lines 726--727
\T1/ptm/m/it/7.61 Com-mu-ni-ca-tion (ICAIIC)\T1/ptm/m/n/7.61 , Bali, In-done-si
a, 2026, pp. 874--879, doi:

Underfull \hbox (badness 5490) in paragraph at lines 730--731
[]\T1/ptm/m/n/7.61 S. Zla-tanova, P. Dondi, M. Porta, and M. An-tolini, ``Op-ti
-miz-

Underfull \hbox (badness 3158) in paragraph at lines 730--731
\T1/ptm/m/n/7.61 ing Patch-Core for One-Shot In-dus-trial Anomaly De-tec-tion,'
' \T1/ptm/m/it/7.61 2025

Underfull \hbox (badness 8000) in paragraph at lines 730--731
\T1/ptm/m/it/7.61 Fac-tory Au-toma-tion (ETFA)\T1/ptm/m/n/7.61 , Mi-lan, Italy,
 2025, pp. 1--4, doi:

Underfull \hbox (badness 2547) in paragraph at lines 738--739
\T1/ptm/m/it/7.61 fer-ence (CCWC)\T1/ptm/m/n/7.61 , Las Ve-gas, NV, USA, 2026, 
pp. 406--411, doi:

Underfull \hbox (badness 4569) in paragraph at lines 742--743
[]\T1/ptm/m/n/7.61 K. Hat-tori, T. Izumi, and L. Meng, ``De-fect De-tec-tion of
 Ap-

! Class ieeeaccess Error: You have not used the command \EOD at the end of 
(ieeeaccess)              last para in the document. I have reached end of the 
document searching for it.

See the ieeeaccess class documentation for explanation.
Type  H <return>  for immediate help.
 ...                                              
                                                  
l.750 \end{document}
                    

Overfull \hbox (505.12177pt too wide) has occurred while \output is active
[]

Overfull \hbox (505.12177pt too wide) has occurred while \output is active
[]

Underfull \hbox (badness 10000) has occurred while \output is active
[]
[14] (IEEE_Report.aux)

LaTeX Font Warning: Some font shapes were not available, defaults substituted.

 )
(see the transcript file for additional information)
pdfTeX warning (dest): name{section*.2} has been referenced but does not exist,
 replaced by a fixed one

<C:/Users/Anjney Shah/AppData/Local/Programs/MiKTeX/fonts/type1/public/amsfonts
/cm/cmbx10.pfb><C:/Users/Anjney Shah/AppData/Local/Programs/MiKTeX/fonts/type1/
public/amsfonts/cm/cmex10.pfb><C:/Users/Anjney Shah/AppData/Local/Programs/MiKT
eX/fonts/type1/public/amsfonts/cm/cmmi10.pfb><C:/Users/Anjney Shah/AppData/Loca
l/Programs/MiKTeX/fonts/type1/public/amsfonts/cm/cmmi7.pfb><C:/Users/Anjney Sha
h/AppData/Local/Programs/MiKTeX/fonts/type1/public/amsfonts/cm/cmr10.pfb><C:/Us
ers/Anjney Shah/AppData/Local/Programs/MiKTeX/fonts/type1/public/amsfonts/cm/cm
r7.pfb><C:/Users/Anjney Shah/AppData/Local/Programs/MiKTeX/fonts/type1/public/a
msfonts/cm/cmsy10.pfb><C:/Users/Anjney Shah/AppData/Local/Programs/MiKTeX/fonts
/type1/public/amsfonts/cm/cmsy7.pfb><C:/Users/Anjney Shah/AppData/Local/Program
s/MiKTeX/fonts/type1/public/amsfonts/symbols/msbm10.pfb><C:/Users/Anjney Shah/A
ppData/Local/Programs/MiKTeX/fonts/type1/urw/courier/ucrr8a.pfb><C:/Users/Anjne
y Shah/AppData/Local/Programs/MiKTeX/fonts/type1/urw/helvetic/uhvb8a.pfb><C:/Us
ers/Anjney Shah/AppData/Local/Programs/MiKTeX/fonts/type1/urw/helvetic/uhvbo8a.
pfb><C:/Users/Anjney Shah/AppData/Local/Programs/MiKTeX/fonts/type1/urw/helveti
c/uhvr8a.pfb><C:/Users/Anjney Shah/AppData/Local/Programs/MiKTeX/fonts/type1/ur
w/helvetic/uhvro8a.pfb><C:/Users/Anjney Shah/AppData/Local/Programs/MiKTeX/font
s/type1/urw/times/utmb8a.pfb><C:/Users/Anjney Shah/AppData/Local/Programs/MiKTe
X/fonts/type1/urw/times/utmr8a.pfb><C:/Users/Anjney Shah/AppData/Local/Programs
/MiKTeX/fonts/type1/urw/times/utmri8a.pfb>
Output written on IEEE_Report.pdf (14 pages, 332265 bytes).
Transcript written on IEEE_Report.log.
pdflatex.exe : pdflatex: major issue: So far, you have not checked for MiKTeX updates.
At line:2 char:1
+ & $pdflatex -interaction=nonstopmode IEEE_Report.tex > compile.log 2> ...
+ ~~~~~~~~~~~~~~~~~~~~~~~~~~~~~~~~~~~~~~~~~~~~~~~~~~~~~~~~~~~~~~~~~~~~~
    + CategoryInfo          : NotSpecified: (pdflatex: major...MiKTeX updates.:String) [], RemoteException
    + FullyQualifiedErrorId : NativeCommandError
 
